[2023-12-13T19:55:53.454+0300][0.015s][info][gc] Using G1
[2023-12-13T19:55:53.455+0300][0.015s][debug][gc] ConcGCThreads: 2 offset 16
[2023-12-13T19:55:53.455+0300][0.016s][debug][gc] ParallelGCThreads: 8
[2023-12-13T19:55:53.455+0300][0.016s][debug][gc] Initialize mark stack with 4096 chunks, maximum 524288
[2023-12-13T19:55:53.641+0300][0.201s][info ][gc] GC(0) Pause Young (Normal) (G1 Evacuation Pause) 56M->15M(1024M) 14.814ms
[2023-12-13T19:55:53.690+0300][0.251s][info ][gc] GC(1) Pause Young (Normal) (G1 Evacuation Pause) 66M->32M(1024M) 28.420ms
[2023-12-13T19:55:53.751+0300][0.312s][info ][gc] GC(2) Pause Young (Normal) (G1 Evacuation Pause) 81M->47M(1024M) 21.848ms
[2023-12-13T19:55:53.842+0300][0.402s][info ][gc] GC(3) Pause Young (Normal) (G1 Evacuation Pause) 108M->66M(1024M) 35.903ms
[2023-12-13T19:55:53.972+0300][0.532s][info ][gc] GC(4) Pause Young (Normal) (G1 Evacuation Pause) 153M->84M(1024M) 35.340ms
[2023-12-13T19:55:54.106+0300][0.667s][info ][gc] GC(5) Pause Young (Normal) (G1 Evacuation Pause) 191M->116M(1024M) 45.769ms
[2023-12-13T19:55:54.252+0300][0.813s][info ][gc] GC(6) Pause Young (Normal) (G1 Evacuation Pause) 235M->155M(1024M) 50.881ms
[2023-12-13T19:55:54.441+0300][1.001s][info ][gc] GC(7) Pause Young (Normal) (G1 Evacuation Pause) 300M->185M(1024M) 61.159ms
[2023-12-13T19:55:54.655+0300][1.216s][info ][gc] GC(8) Pause Young (Normal) (G1 Evacuation Pause) 349M->239M(1024M) 69.288ms
[2023-12-13T19:55:54.951+0300][1.512s][info ][gc] GC(9) Pause Young (Normal) (G1 Evacuation Pause) 476M->318M(1024M) 85.774ms
[2023-12-13T19:55:55.210+0300][1.771s][info ][gc] GC(10) Pause Young (Normal) (G1 Evacuation Pause) 538M->355M(1024M) 60.997ms
[2023-12-13T19:55:56.018+0300][2.579s][info ][gc] GC(11) Pause Young (Normal) (G1 Evacuation Pause) (Evacuation Failure) 918M->623M(1024M) 199.496ms
[2023-12-13T19:55:56.352+0300][2.912s][info ][gc] GC(12) Pause Young (Concurrent Start) (G1 Evacuation Pause) (Evacuation Failure) 896M->705M(1024M) 115.900ms
[2023-12-13T19:55:56.352+0300][2.913s][info ][gc] GC(13) Concurrent Mark Cycle
[2023-12-13T19:55:56.587+0300][3.148s][debug][gc] GC(13) Reclaimed 269 empty regions
[2023-12-13T19:55:56.587+0300][3.148s][info ][gc] GC(13) Pause Remark 868M->599M(1024M) 0.722ms
[2023-12-13T19:55:56.689+0300][3.250s][info ][gc] GC(14) Pause Young (Normal) (G1 Evacuation Pause) 657M->437M(1024M) 53.611ms
[2023-12-13T19:55:56.758+0300][3.319s][info ][gc] GC(13) Pause Cleanup 516M->516M(1024M) 0.248ms
[2023-12-13T19:55:56.763+0300][3.324s][info ][gc] GC(13) Concurrent Mark Cycle 411.832ms
[2023-12-13T19:55:57.049+0300][3.610s][info ][gc] GC(15) Pause Young (Prepare Mixed) (G1 Evacuation Pause) 765M->505M(1024M) 87.988ms
[2023-12-13T19:55:57.399+0300][3.960s][info ][gc] GC(16) Pause Young (Mixed) (G1 Evacuation Pause) 828M->550M(1024M) 92.255ms
[2023-12-13T19:55:57.706+0300][4.267s][info ][gc] GC(17) Pause Young (Mixed) (G1 Evacuation Pause) 873M->524M(1024M) 46.660ms
[2023-12-13T19:55:58.086+0300][4.647s][info ][gc] GC(18) Pause Young (Mixed) (G1 Evacuation Pause) 875M->531M(1024M) 96.184ms
[2023-12-13T19:55:58.468+0300][5.029s][info ][gc] GC(19) Pause Young (Mixed) (G1 Evacuation Pause) 872M->534M(1024M) 109.008ms
[2023-12-13T19:55:58.785+0300][5.346s][info ][gc] GC(20) Pause Young (Concurrent Start) (G1 Evacuation Pause) 871M->529M(1024M) 42.275ms
[2023-12-13T19:55:58.785+0300][5.346s][info ][gc] GC(21) Concurrent Mark Cycle
[2023-12-13T19:55:58.821+0300][5.382s][debug][gc] GC(21) Reclaimed 439 empty regions
[2023-12-13T19:55:58.821+0300][5.382s][info ][gc] GC(21) Pause Remark 561M->122M(1024M) 0.850ms
[2023-12-13T19:55:58.832+0300][5.393s][info ][gc] GC(21) Pause Cleanup 135M->135M(1024M) 0.150ms
[2023-12-13T19:55:58.835+0300][5.396s][info ][gc] GC(21) Concurrent Mark Cycle 49.658ms
[2023-12-13T19:55:59.169+0300][5.730s][info ][gc] GC(22) Pause Young (Prepare Mixed) (G1 Evacuation Pause) 439M->161M(1024M) 94.582ms
[2023-12-13T19:55:59.654+0300][6.215s][info ][gc] GC(23) Pause Young (Mixed) (G1 Evacuation Pause) 726M->136M(1024M) 30.391ms
[2023-12-13T19:56:00.250+0300][6.812s][info ][gc] GC(24) Pause Young (Normal) (G1 Evacuation Pause) 725M->253M(1024M) 128.969ms
[2023-12-13T19:56:00.686+0300][7.247s][info ][gc] GC(25) Pause Young (Normal) (G1 Evacuation Pause) 736M->213M(1024M) 42.859ms
[2023-12-13T19:56:01.289+0300][7.851s][info ][gc] GC(26) Pause Young (Normal) (G1 Evacuation Pause) 790M->329M(1024M) 145.605ms
[2023-12-13T19:56:01.734+0300][8.295s][info ][gc] GC(27) Pause Young (Normal) (G1 Evacuation Pause) 823M->302M(1024M) 45.168ms
[2023-12-13T19:56:02.304+0300][8.865s][info ][gc] GC(28) Pause Young (Normal) (G1 Evacuation Pause) 829M->407M(1024M) 148.463ms
[2023-12-13T19:56:02.704+0300][9.266s][info ][gc] GC(29) Pause Young (Normal) (G1 Evacuation Pause) 842M->374M(1024M) 48.108ms
[2023-12-13T19:56:03.217+0300][9.778s][info ][gc] GC(30) Pause Young (Normal) (G1 Evacuation Pause) 849M->469M(1024M) 128.603ms
[2023-12-13T19:56:03.550+0300][10.111s][info ][gc] GC(31) Pause Young (Normal) (G1 Evacuation Pause) 861M->416M(1024M) 13.753ms
[2023-12-13T19:56:04.051+0300][10.612s][info ][gc] GC(32) Pause Young (Normal) (G1 Evacuation Pause) 866M->506M(1024M) 130.437ms
[2023-12-13T19:56:04.472+0300][11.033s][info ][gc] GC(33) Pause Young (Normal) (G1 Evacuation Pause) 874M->582M(1024M) 116.280ms
[2023-12-13T19:56:04.761+0300][11.322s][info ][gc] GC(34) Pause Young (Concurrent Start) (G1 Evacuation Pause) 889M->563M(1024M) 39.617ms
[2023-12-13T19:56:04.761+0300][11.322s][info ][gc] GC(35) Concurrent Mark Cycle
[2023-12-13T19:56:04.794+0300][11.356s][debug][gc] GC(35) Reclaimed 483 empty regions
[2023-12-13T19:56:04.795+0300][11.356s][info ][gc] GC(35) Pause Remark 593M->110M(1024M) 0.752ms
[2023-12-13T19:56:04.803+0300][11.364s][info ][gc] GC(35) Pause Cleanup 120M->120M(1024M) 0.126ms
[2023-12-13T19:56:04.804+0300][11.365s][info ][gc] GC(35) Concurrent Mark Cycle 43.028ms
[2023-12-13T19:56:05.117+0300][11.678s][info ][gc] GC(36) Pause Young (Prepare Mixed) (G1 Evacuation Pause) 409M->146M(1024M) 82.298ms
[2023-12-13T19:56:05.589+0300][12.150s][info ][gc] GC(37) Pause Young (Mixed) (G1 Evacuation Pause) 714M->113M(1024M) 13.522ms
[2023-12-13T19:56:06.226+0300][12.787s][info ][gc] GC(38) Pause Young (Normal) (G1 Evacuation Pause) 715M->233M(1024M) 158.633ms
[2023-12-13T19:56:06.705+0300][13.266s][info ][gc] GC(39) Pause Young (Concurrent Start) (G1 Evacuation Pause) 770M->195M(1024M) 43.875ms
[2023-12-13T19:56:06.705+0300][13.266s][info ][gc] GC(40) Concurrent Mark Cycle
[2023-12-13T19:56:06.735+0300][13.296s][debug][gc] GC(40) Reclaimed 110 empty regions
[2023-12-13T19:56:06.735+0300][13.296s][info ][gc] GC(40) Pause Remark 223M->113M(1024M) 0.626ms
[2023-12-13T19:56:06.744+0300][13.305s][info ][gc] GC(40) Pause Cleanup 124M->124M(1024M) 0.102ms
[2023-12-13T19:56:06.745+0300][13.306s][info ][gc] GC(40) Concurrent Mark Cycle 40.204ms
[2023-12-13T19:56:07.306+0300][13.867s][info ][gc] GC(41) Pause Young (Prepare Mixed) (G1 Evacuation Pause) 660M->199M(1024M) 135.121ms
[2023-12-13T19:56:07.788+0300][14.349s][info ][gc] GC(42) Pause Young (Mixed) (G1 Evacuation Pause) 736M->181M(1024M) 49.603ms
[2023-12-13T19:56:08.390+0300][14.951s][info ][gc] GC(43) Pause Young (Concurrent Start) (G1 Evacuation Pause) 735M->291M(1024M) 159.365ms
[2023-12-13T19:56:08.390+0300][14.951s][info ][gc] GC(44) Concurrent Mark Cycle
[2023-12-13T19:56:08.492+0300][15.054s][debug][gc] GC(44) Reclaimed 76 empty regions
[2023-12-13T19:56:08.493+0300][15.054s][info ][gc] GC(44) Pause Remark 377M->301M(1024M) 0.526ms
[2023-12-13T19:56:08.550+0300][15.111s][info ][gc] GC(44) Pause Cleanup 372M->372M(1024M) 0.148ms
[2023-12-13T19:56:08.553+0300][15.115s][info ][gc] GC(44) Concurrent Mark Cycle 163.526ms
[2023-12-13T19:56:08.916+0300][15.477s][info ][gc] GC(45) Pause Young (Prepare Mixed) (G1 Evacuation Pause) 732M->210M(1024M) 71.235ms
[2023-12-13T19:56:09.522+0300][16.083s][info ][gc] GC(46) Pause Young (Mixed) (G1 Evacuation Pause) 752M->316M(1024M) 179.189ms
