[2023-12-13T19:54:58.581+0300][0.011s][info][gc] Using G1
[2023-12-13T19:54:58.582+0300][0.011s][debug][gc] ConcGCThreads: 2 offset 16
[2023-12-13T19:54:58.582+0300][0.011s][debug][gc] ParallelGCThreads: 8
[2023-12-13T19:54:58.582+0300][0.011s][debug][gc] Initialize mark stack with 4096 chunks, maximum 524288
[2023-12-13T19:54:58.726+0300][0.155s][info ][gc] GC(0) Pause Young (Normal) (G1 Evacuation Pause) 27M->7M(512M) 5.541ms
[2023-12-13T19:54:58.750+0300][0.180s][info ][gc] GC(1) Pause Young (Normal) (G1 Evacuation Pause) 37M->16M(512M) 11.619ms
[2023-12-13T19:54:58.827+0300][0.256s][info ][gc] GC(2) Pause Young (Normal) (G1 Evacuation Pause) 71M->33M(512M) 23.515ms
[2023-12-13T19:54:58.913+0300][0.342s][info ][gc] GC(3) Pause Young (Normal) (G1 Evacuation Pause) 97M->51M(512M) 27.242ms
[2023-12-13T19:54:59.015+0300][0.444s][info ][gc] GC(4) Pause Young (Normal) (G1 Evacuation Pause) 130M->73M(512M) 32.963ms
[2023-12-13T19:54:59.159+0300][0.588s][info ][gc] GC(5) Pause Young (Normal) (G1 Evacuation Pause) 189M->107M(512M) 42.387ms
[2023-12-13T19:54:59.319+0300][0.748s][info ][gc] GC(6) Pause Young (Normal) (G1 Evacuation Pause) 241M->148M(512M) 55.557ms
[2023-12-13T19:54:59.505+0300][0.934s][info ][gc] GC(7) Pause Young (Normal) (G1 Evacuation Pause) 292M->179M(512M) 57.179ms
[2023-12-13T19:54:59.715+0300][1.145s][info ][gc] GC(8) Pause Young (Normal) (G1 Evacuation Pause) 347M->234M(512M) 66.241ms
[2023-12-13T19:54:59.914+0300][1.343s][info ][gc] GC(9) Pause Young (Normal) (G1 Evacuation Pause) 407M->271M(512M) 57.443ms
[2023-12-13T19:54:59.967+0300][1.397s][info ][gc] GC(10) Pause Young (Concurrent Start) (G1 Humongous Allocation) 301M->281M(512M) 29.318ms
[2023-12-13T19:54:59.967+0300][1.397s][info ][gc] GC(11) Concurrent Mark Cycle
[2023-12-13T19:55:00.257+0300][1.686s][info ][gc] GC(12) Pause Young (Normal) (G1 Evacuation Pause) 471M->335M(512M) 22.580ms
[2023-12-13T19:55:00.304+0300][1.734s][debug][gc] GC(11) Reclaimed 50 empty regions
[2023-12-13T19:55:00.305+0300][1.734s][info ][gc] GC(11) Pause Remark 375M->325M(512M) 0.605ms
[2023-12-13T19:55:00.410+0300][1.840s][info ][gc] GC(13) Pause Young (Normal) (G1 Evacuation Pause) 407M->310M(512M) 36.227ms
[2023-12-13T19:55:00.458+0300][1.887s][info ][gc] GC(11) Pause Cleanup 363M->363M(512M) 0.469ms
[2023-12-13T19:55:00.460+0300][1.889s][info ][gc] GC(11) Concurrent Mark Cycle 492.513ms
[2023-12-13T19:55:00.568+0300][1.997s][info ][gc] GC(14) Pause Young (Prepare Mixed) (G1 Evacuation Pause) 449M->341M(512M) 40.312ms
[2023-12-13T19:55:00.705+0300][2.135s][info ][gc] GC(15) Pause Young (Mixed) (G1 Evacuation Pause) 458M->363M(512M) 40.571ms
[2023-12-13T19:55:00.830+0300][2.259s][info ][gc] GC(16) Pause Young (Concurrent Start) (G1 Evacuation Pause) 465M->386M(512M) 37.496ms
[2023-12-13T19:55:00.830+0300][2.259s][info ][gc] GC(17) Concurrent Mark Cycle
[2023-12-13T19:55:00.949+0300][2.379s][info ][gc] GC(18) Pause Young (Normal) (G1 Evacuation Pause) 469M->405M(512M) 28.746ms
[2023-12-13T19:55:01.003+0300][2.432s][debug][gc] GC(17) Reclaimed 214 empty regions
[2023-12-13T19:55:01.003+0300][2.432s][info ][gc] GC(17) Pause Remark 455M->241M(512M) 0.570ms
[2023-12-13T19:55:01.036+0300][2.465s][info ][gc] GC(19) Pause Young (Normal) (G1 Evacuation Pause) 257M->206M(512M) 19.966ms
[2023-12-13T19:55:01.091+0300][2.521s][info ][gc] GC(17) Pause Cleanup 271M->271M(512M) 0.428ms
[2023-12-13T19:55:01.092+0300][2.522s][info ][gc] GC(17) Concurrent Mark Cycle 262.425ms
[2023-12-13T19:55:01.259+0300][2.689s][info ][gc] GC(20) Pause Young (Prepare Mixed) (G1 Evacuation Pause) 412M->249M(512M) 51.551ms
[2023-12-13T19:55:01.425+0300][2.854s][info ][gc] GC(21) Pause Young (Mixed) (G1 Evacuation Pause) 427M->240M(512M) 17.181ms
[2023-12-13T19:55:01.624+0300][3.054s][info ][gc] GC(22) Pause Young (Normal) (G1 Evacuation Pause) 427M->277M(512M) 52.221ms
[2023-12-13T19:55:01.804+0300][3.233s][info ][gc] GC(23) Pause Young (Concurrent Start) (G1 Evacuation Pause) 440M->312M(512M) 45.605ms
[2023-12-13T19:55:01.804+0300][3.233s][info ][gc] GC(24) Concurrent Mark Cycle
[2023-12-13T19:55:01.892+0300][3.321s][debug][gc] GC(24) Reclaimed 177 empty regions
[2023-12-13T19:55:01.892+0300][3.321s][info ][gc] GC(24) Pause Remark 391M->214M(512M) 1.218ms
[2023-12-13T19:55:01.933+0300][3.362s][info ][gc] GC(24) Pause Cleanup 263M->263M(512M) 0.145ms
[2023-12-13T19:55:01.934+0300][3.363s][info ][gc] GC(24) Concurrent Mark Cycle 129.759ms
[2023-12-13T19:55:01.981+0300][3.411s][info ][gc] GC(25) Pause Young (Prepare Mixed) (G1 Evacuation Pause) 273M->164M(512M) 41.421ms
[2023-12-13T19:55:02.222+0300][3.652s][info ][gc] GC(26) Pause Young (Mixed) (G1 Evacuation Pause) 399M->211M(512M) 52.716ms
[2023-12-13T19:55:02.401+0300][3.831s][info ][gc] GC(27) Pause Young (Normal) (G1 Evacuation Pause) 417M->183M(512M) 4.953ms
[2023-12-13T19:55:02.627+0300][4.056s][info ][gc] GC(28) Pause Young (Concurrent Start) (G1 Evacuation Pause) 414M->229M(512M) 42.689ms
[2023-12-13T19:55:02.627+0300][4.056s][info ][gc] GC(29) Concurrent Mark Cycle
[2023-12-13T19:55:02.665+0300][4.094s][debug][gc] GC(29) Reclaimed 131 empty regions
[2023-12-13T19:55:02.665+0300][4.095s][info ][gc] GC(29) Pause Remark 263M->132M(512M) 0.498ms
[2023-12-13T19:55:02.683+0300][4.113s][info ][gc] GC(29) Pause Cleanup 152M->152M(512M) 0.199ms
[2023-12-13T19:55:02.685+0300][4.115s][info ][gc] GC(29) Concurrent Mark Cycle 58.626ms
[2023-12-13T19:55:02.854+0300][4.284s][info ][gc] GC(30) Pause Young (Prepare Mixed) (G1 Evacuation Pause) 295M->138M(512M) 52.111ms
[2023-12-13T19:55:03.132+0300][4.562s][info ][gc] GC(31) Pause Young (Mixed) (G1 Evacuation Pause) 394M->190M(512M) 68.865ms
[2023-12-13T19:55:03.385+0300][4.815s][info ][gc] GC(32) Pause Young (Concurrent Start) (G1 Evacuation Pause) 409M->237M(512M) 60.352ms
[2023-12-13T19:55:03.385+0300][4.815s][info ][gc] GC(33) Concurrent Mark Cycle
[2023-12-13T19:55:03.594+0300][5.023s][info ][gc] GC(33) Pause Remark 388M->388M(512M) 0.537ms
[2023-12-13T19:55:03.643+0300][5.073s][info ][gc] GC(34) Pause Young (Normal) (G1 Evacuation Pause) 424M->226M(512M) 20.594ms
[2023-12-13T19:55:03.695+0300][5.124s][info ][gc] GC(33) Pause Cleanup 285M->285M(512M) 0.156ms
[2023-12-13T19:55:03.696+0300][5.125s][info ][gc] GC(33) Concurrent Mark Cycle 310.539ms
[2023-12-13T19:55:03.859+0300][5.289s][info ][gc] GC(35) Pause Young (Prepare Mixed) (G1 Evacuation Pause) 425M->266M(512M) 53.230ms
[2023-12-13T19:55:04.050+0300][5.480s][info ][gc] GC(36) Pause Young (Mixed) (G1 Evacuation Pause) 436M->299M(512M) 56.480ms
[2023-12-13T19:55:04.220+0300][5.650s][info ][gc] GC(37) Pause Young (Concurrent Start) (G1 Evacuation Pause) 445M->331M(512M) 52.497ms
[2023-12-13T19:55:04.221+0300][5.650s][info ][gc] GC(38) Concurrent Mark Cycle
[2023-12-13T19:55:04.392+0300][5.822s][info ][gc] GC(39) Pause Young (Normal) (G1 Evacuation Pause) 454M->357M(512M) 35.232ms
[2023-12-13T19:55:04.395+0300][5.825s][debug][gc] GC(38) Reclaimed 156 empty regions
[2023-12-13T19:55:04.396+0300][5.825s][info ][gc] GC(38) Pause Remark 360M->204M(512M) 0.591ms
[2023-12-13T19:55:04.477+0300][5.906s][info ][gc] GC(38) Pause Cleanup 295M->295M(512M) 0.180ms
[2023-12-13T19:55:04.478+0300][5.907s][info ][gc] GC(38) Concurrent Mark Cycle 257.184ms
[2023-12-13T19:55:04.523+0300][5.952s][info ][gc] GC(40) Pause Young (Prepare Mixed) (G1 Evacuation Pause) 306M->223M(512M) 36.571ms
[2023-12-13T19:55:04.690+0300][6.119s][info ][gc] GC(41) Pause Young (Mixed) (G1 Evacuation Pause) 420M->212M(512M) 6.809ms
[2023-12-13T19:55:04.898+0300][6.328s][info ][gc] GC(42) Pause Young (Concurrent Start) (G1 Evacuation Pause) 425M->254M(512M) 37.786ms
[2023-12-13T19:55:04.898+0300][6.328s][info ][gc] GC(43) Concurrent Mark Cycle
[2023-12-13T19:55:04.934+0300][6.364s][debug][gc] GC(43) Reclaimed 158 empty regions
[2023-12-13T19:55:04.934+0300][6.364s][info ][gc] GC(43) Pause Remark 288M->130M(512M) 0.603ms
[2023-12-13T19:55:04.954+0300][6.384s][info ][gc] GC(43) Pause Cleanup 152M->152M(512M) 0.180ms
[2023-12-13T19:55:04.956+0300][6.386s][info ][gc] GC(43) Concurrent Mark Cycle 57.955ms
[2023-12-13T19:55:05.112+0300][6.542s][info ][gc] GC(44) Pause Young (Prepare Mixed) (G1 Evacuation Pause) 275M->133M(512M) 59.160ms
[2023-12-13T19:55:05.395+0300][6.825s][info ][gc] GC(45) Pause Young (Mixed) (G1 Evacuation Pause) 393M->185M(512M) 74.670ms
[2023-12-13T19:55:05.648+0300][7.078s][info ][gc] GC(46) Pause Young (Concurrent Start) (G1 Evacuation Pause) 408M->232M(512M) 74.819ms
[2023-12-13T19:55:05.648+0300][7.078s][info ][gc] GC(47) Concurrent Mark Cycle
[2023-12-13T19:55:05.845+0300][7.274s][info ][gc] GC(47) Pause Remark 375M->375M(512M) 0.643ms
[2023-12-13T19:55:05.902+0300][7.332s][info ][gc] GC(48) Pause Young (Normal) (G1 Evacuation Pause) 422M->217M(512M) 15.190ms
[2023-12-13T19:55:05.936+0300][7.366s][info ][gc] GC(47) Pause Cleanup 261M->261M(512M) 0.120ms
[2023-12-13T19:55:05.937+0300][7.367s][info ][gc] GC(47) Concurrent Mark Cycle 288.966ms
[2023-12-13T19:55:06.121+0300][7.550s][info ][gc] GC(49) Pause Young (Prepare Mixed) (G1 Evacuation Pause) 423M->258M(512M) 54.399ms
[2023-12-13T19:55:06.315+0300][7.744s][info ][gc] GC(50) Pause Young (Mixed) (G1 Evacuation Pause) 434M->292M(512M) 47.399ms
[2023-12-13T19:55:06.486+0300][7.915s][info ][gc] GC(51) Pause Young (Concurrent Start) (G1 Evacuation Pause) 443M->324M(512M) 50.111ms
[2023-12-13T19:55:06.486+0300][7.916s][info ][gc] GC(52) Concurrent Mark Cycle
[2023-12-13T19:55:06.626+0300][8.056s][debug][gc] GC(52) Reclaimed 152 empty regions
[2023-12-13T19:55:06.626+0300][8.056s][info ][gc] GC(52) Pause Remark 451M->299M(512M) 0.552ms
[2023-12-13T19:55:06.671+0300][8.100s][info ][gc] GC(53) Pause Young (Normal) (G1 Evacuation Pause) 300M->200M(512M) 43.018ms
[2023-12-13T19:55:06.737+0300][8.167s][info ][gc] GC(52) Pause Cleanup 272M->272M(512M) 0.315ms
[2023-12-13T19:55:06.739+0300][8.169s][info ][gc] GC(52) Concurrent Mark Cycle 253.223ms
[2023-12-13T19:55:06.911+0300][8.340s][info ][gc] GC(54) Pause Young (Prepare Mixed) (G1 Evacuation Pause) 413M->244M(512M) 59.365ms
[2023-12-13T19:55:07.080+0300][8.510s][info ][gc] GC(55) Pause Young (Mixed) (G1 Evacuation Pause) 426M->241M(512M) 21.598ms
[2023-12-13T19:55:07.290+0300][8.719s][info ][gc] GC(56) Pause Young (Concurrent Start) (G1 Evacuation Pause) 429M->278M(512M) 57.678ms
[2023-12-13T19:55:07.290+0300][8.720s][info ][gc] GC(57) Concurrent Mark Cycle
[2023-12-13T19:55:07.334+0300][8.764s][debug][gc] GC(57) Reclaimed 167 empty regions
[2023-12-13T19:55:07.335+0300][8.764s][info ][gc] GC(57) Pause Remark 318M->151M(512M) 1.042ms
[2023-12-13T19:55:07.361+0300][8.790s][info ][gc] GC(57) Pause Cleanup 182M->182M(512M) 0.142ms
[2023-12-13T19:55:07.361+0300][8.791s][info ][gc] GC(57) Concurrent Mark Cycle 71.391ms
[2023-12-13T19:55:07.476+0300][8.906s][info ][gc] GC(58) Pause Young (Prepare Mixed) (G1 Evacuation Pause) 272M->145M(512M) 43.582ms
[2023-12-13T19:55:07.739+0300][9.169s][info ][gc] GC(59) Pause Young (Mixed) (G1 Evacuation Pause) 397M->195M(512M) 61.661ms
[2023-12-13T19:55:07.982+0300][9.411s][info ][gc] GC(60) Pause Young (Concurrent Start) (G1 Evacuation Pause) 412M->241M(512M) 66.933ms
[2023-12-13T19:55:07.982+0300][9.411s][info ][gc] GC(61) Concurrent Mark Cycle
[2023-12-13T19:55:08.211+0300][9.641s][info ][gc] GC(61) Pause Remark 405M->405M(512M) 0.463ms
[2023-12-13T19:55:08.250+0300][9.679s][info ][gc] GC(62) Pause Young (Normal) (G1 Evacuation Pause) 427M->235M(512M) 21.167ms
[2023-12-13T19:55:08.314+0300][9.744s][info ][gc] GC(61) Pause Cleanup 310M->310M(512M) 0.141ms
[2023-12-13T19:55:08.315+0300][9.744s][info ][gc] GC(61) Concurrent Mark Cycle 333.154ms
[2023-12-13T19:55:08.469+0300][9.899s][info ][gc] GC(63) Pause Young (Prepare Mixed) (G1 Evacuation Pause) 427M->273M(512M) 59.449ms
[2023-12-13T19:55:08.645+0300][10.075s][info ][gc] GC(64) Pause Young (Mixed) (G1 Evacuation Pause) 437M->305M(512M) 46.044ms
[2023-12-13T19:55:08.804+0300][10.233s][info ][gc] GC(65) Pause Young (Concurrent Start) (G1 Evacuation Pause) 447M->336M(512M) 43.248ms
[2023-12-13T19:55:08.804+0300][10.234s][info ][gc] GC(66) Concurrent Mark Cycle
[2023-12-13T19:55:08.974+0300][10.404s][info ][gc] GC(67) Pause Young (Normal) (G1 Evacuation Pause) 456M->362M(512M) 41.729ms
[2023-12-13T19:55:08.990+0300][10.420s][debug][gc] GC(66) Reclaimed 162 empty regions
[2023-12-13T19:55:08.990+0300][10.420s][info ][gc] GC(66) Pause Remark 375M->213M(512M) 0.537ms
[2023-12-13T19:55:09.098+0300][10.528s][info ][gc] GC(68) Pause Young (Normal) (G1 Evacuation Pause) 303M->222M(512M) 35.733ms
[2023-12-13T19:55:09.099+0300][10.528s][info ][gc] GC(66) Pause Cleanup 222M->222M(512M) 0.141ms
[2023-12-13T19:55:09.099+0300][10.529s][info ][gc] GC(66) Concurrent Mark Cycle 295.435ms
[2023-12-13T19:55:09.267+0300][10.697s][info ][gc] GC(69) Pause Young (Prepare Mixed) (G1 Evacuation Pause) 422M->214M(512M) 7.481ms
[2023-12-13T19:55:09.485+0300][10.915s][info ][gc] GC(70) Pause Young (Mixed) (G1 Evacuation Pause) 426M->254M(512M) 49.065ms
[2023-12-13T19:55:09.689+0300][11.119s][info ][gc] GC(71) Pause Young (Concurrent Start) (G1 Evacuation Pause) 433M->292M(512M) 59.690ms
[2023-12-13T19:55:09.689+0300][11.119s][info ][gc] GC(72) Concurrent Mark Cycle
[2023-12-13T19:55:09.777+0300][11.206s][debug][gc] GC(72) Reclaimed 158 empty regions
[2023-12-13T19:55:09.777+0300][11.206s][info ][gc] GC(72) Pause Remark 365M->207M(512M) 0.572ms
[2023-12-13T19:55:09.814+0300][11.243s][info ][gc] GC(72) Pause Cleanup 253M->253M(512M) 0.114ms
[2023-12-13T19:55:09.814+0300][11.244s][info ][gc] GC(72) Concurrent Mark Cycle 125.011ms
[2023-12-13T19:55:09.899+0300][11.328s][info ][gc] GC(73) Pause Young (Prepare Mixed) (G1 Evacuation Pause) 285M->166M(512M) 58.967ms
[2023-12-13T19:55:10.155+0300][11.584s][info ][gc] GC(74) Pause Young (Mixed) (G1 Evacuation Pause) 403M->213M(512M) 67.384ms
[2023-12-13T19:55:10.327+0300][11.757s][info ][gc] GC(75) Pause Young (Concurrent Start) (G1 Evacuation Pause) 416M->184M(512M) 4.593ms
[2023-12-13T19:55:10.327+0300][11.757s][info ][gc] GC(76) Concurrent Mark Cycle
[2023-12-13T19:55:10.341+0300][11.771s][debug][gc] GC(76) Reclaimed 132 empty regions
[2023-12-13T19:55:10.341+0300][11.771s][info ][gc] GC(76) Pause Remark 197M->66M(512M) 0.599ms
[2023-12-13T19:55:10.347+0300][11.777s][info ][gc] GC(76) Pause Cleanup 72M->72M(512M) 0.121ms
[2023-12-13T19:55:10.348+0300][11.777s][info ][gc] GC(76) Concurrent Mark Cycle 20.796ms
[2023-12-13T19:55:10.561+0300][11.991s][info ][gc] GC(77) Pause Young (Prepare Mixed) (G1 Evacuation Pause) 287M->99M(512M) 40.967ms
[2023-12-13T19:55:10.859+0300][12.289s][info ][gc] GC(78) Pause Young (Mixed) (G1 Evacuation Pause) 376M->153M(512M) 76.329ms
[2023-12-13T19:55:11.126+0300][12.556s][info ][gc] GC(79) Pause Young (Concurrent Start) (G1 Evacuation Pause) 400M->205M(512M) 70.788ms
[2023-12-13T19:55:11.126+0300][12.556s][info ][gc] GC(80) Concurrent Mark Cycle
[2023-12-13T19:55:11.281+0300][12.710s][info ][gc] GC(80) Pause Remark 345M->345M(512M) 0.554ms
[2023-12-13T19:55:11.414+0300][12.843s][info ][gc] GC(81) Pause Young (Normal) (G1 Evacuation Pause) 415M->247M(512M) 75.448ms
[2023-12-13T19:55:11.428+0300][12.858s][info ][gc] GC(80) Pause Cleanup 263M->263M(512M) 0.126ms
[2023-12-13T19:55:11.429+0300][12.859s][info ][gc] GC(80) Concurrent Mark Cycle 302.722ms
[2023-12-13T19:55:11.588+0300][13.018s][info ][gc] GC(82) Pause Young (Prepare Mixed) (G1 Evacuation Pause) 427M->248M(512M) 25.816ms
[2023-12-13T19:55:11.793+0300][13.223s][info ][gc] GC(83) Pause Young (Mixed) (G1 Evacuation Pause) 429M->284M(512M) 61.764ms
[2023-12-13T19:55:11.965+0300][13.395s][info ][gc] GC(84) Pause Young (Concurrent Start) (G1 Evacuation Pause) 439M->317M(512M) 48.291ms
[2023-12-13T19:55:11.965+0300][13.395s][info ][gc] GC(85) Concurrent Mark Cycle
[2023-12-13T19:55:12.064+0300][13.494s][debug][gc] GC(85) Reclaimed 168 empty regions
[2023-12-13T19:55:12.064+0300][13.494s][info ][gc] GC(85) Pause Remark 410M->242M(512M) 0.640ms
[2023-12-13T19:55:12.143+0300][13.573s][info ][gc] GC(86) Pause Young (Normal) (G1 Evacuation Pause) 282M->178M(512M) 45.146ms
[2023-12-13T19:55:12.159+0300][13.589s][info ][gc] GC(85) Pause Cleanup 193M->193M(512M) 0.294ms
[2023-12-13T19:55:12.160+0300][13.590s][info ][gc] GC(85) Concurrent Mark Cycle 195.127ms
[2023-12-13T19:55:12.385+0300][13.815s][info ][gc] GC(87) Pause Young (Prepare Mixed) (G1 Evacuation Pause) 408M->226M(512M) 50.791ms
[2023-12-13T19:55:12.559+0300][13.989s][info ][gc] GC(88) Pause Young (Mixed) (G1 Evacuation Pause) 421M->202M(512M) 9.505ms
[2023-12-13T19:55:12.781+0300][14.211s][info ][gc] GC(89) Pause Young (Concurrent Start) (G1 Evacuation Pause) 421M->245M(512M) 43.028ms
[2023-12-13T19:55:12.781+0300][14.211s][info ][gc] GC(90) Concurrent Mark Cycle
[2023-12-13T19:55:12.823+0300][14.253s][debug][gc] GC(90) Reclaimed 145 empty regions
[2023-12-13T19:55:12.823+0300][14.253s][info ][gc] GC(90) Pause Remark 279M->134M(512M) 0.972ms
[2023-12-13T19:55:12.845+0300][14.275s][info ][gc] GC(90) Pause Cleanup 157M->157M(512M) 0.188ms
[2023-12-13T19:55:12.846+0300][14.275s][info ][gc] GC(90) Concurrent Mark Cycle 64.524ms
[2023-12-13T19:55:13.010+0300][14.440s][info ][gc] GC(91) Pause Young (Prepare Mixed) (G1 Evacuation Pause) 285M->138M(512M) 64.110ms
[2023-12-13T19:55:13.282+0300][14.712s][info ][gc] GC(92) Pause Young (Mixed) (G1 Evacuation Pause) 394M->190M(512M) 67.914ms
[2023-12-13T19:55:13.546+0300][14.976s][info ][gc] GC(93) Pause Young (Concurrent Start) (G1 Evacuation Pause) 410M->236M(512M) 68.024ms
[2023-12-13T19:55:13.546+0300][14.976s][info ][gc] GC(94) Concurrent Mark Cycle
[2023-12-13T19:55:13.749+0300][15.179s][info ][gc] GC(94) Pause Remark 388M->388M(512M) 0.449ms
[2023-12-13T19:55:13.796+0300][15.225s][info ][gc] GC(95) Pause Young (Normal) (G1 Evacuation Pause) 423M->224M(512M) 16.512ms
[2023-12-13T19:55:13.846+0300][15.276s][info ][gc] GC(94) Pause Cleanup 284M->284M(512M) 0.145ms
[2023-12-13T19:55:13.847+0300][15.277s][info ][gc] GC(94) Concurrent Mark Cycle 300.816ms
[2023-12-13T19:55:14.014+0300][15.444s][info ][gc] GC(96) Pause Young (Prepare Mixed) (G1 Evacuation Pause) 425M->263M(512M) 57.310ms
[2023-12-13T19:55:14.199+0300][15.628s][info ][gc] GC(97) Pause Young (Mixed) (G1 Evacuation Pause) 434M->296M(512M) 48.117ms
[2023-12-13T19:55:14.371+0300][15.801s][info ][gc] GC(98) Pause Young (Concurrent Start) (G1 Evacuation Pause) 443M->327M(512M) 49.002ms
[2023-12-13T19:55:14.371+0300][15.801s][info ][gc] GC(99) Concurrent Mark Cycle
[2023-12-13T19:55:14.549+0300][15.978s][info ][gc] GC(100) Pause Young (Normal) (G1 Evacuation Pause) 453M->354M(512M) 37.898ms
[2023-12-13T19:55:14.550+0300][15.980s][debug][gc] GC(99) Reclaimed 156 empty regions
[2023-12-13T19:55:14.550+0300][15.980s][info ][gc] GC(99) Pause Remark 355M->199M(512M) 0.523ms
[2023-12-13T19:55:14.627+0300][16.056s][info ][gc] GC(99) Pause Cleanup 284M->284M(512M) 0.237ms
[2023-12-13T19:55:14.628+0300][16.057s][info ][gc] GC(99) Concurrent Mark Cycle 256.496ms
[2023-12-13T19:55:14.678+0300][16.108s][info ][gc] GC(101) Pause Young (Prepare Mixed) (G1 Evacuation Pause) 306M->221M(512M) 33.040ms
[2023-12-13T19:55:14.849+0300][16.279s][info ][gc] GC(102) Pause Young (Mixed) (G1 Evacuation Pause) 420M->212M(512M) 7.273ms
[2023-12-13T19:55:15.063+0300][16.493s][info ][gc] GC(103) Pause Young (Concurrent Start) (G1 Evacuation Pause) 425M->253M(512M) 45.274ms
[2023-12-13T19:55:15.063+0300][16.493s][info ][gc] GC(104) Concurrent Mark Cycle
[2023-12-13T19:55:15.101+0300][16.531s][debug][gc] GC(104) Reclaimed 158 empty regions
[2023-12-13T19:55:15.101+0300][16.531s][info ][gc] GC(104) Pause Remark 287M->129M(512M) 0.540ms
[2023-12-13T19:55:15.121+0300][16.550s][info ][gc] GC(104) Pause Cleanup 151M->151M(512M) 0.175ms
[2023-12-13T19:55:15.124+0300][16.554s][info ][gc] GC(104) Concurrent Mark Cycle 60.363ms
[2023-12-13T19:55:15.280+0300][16.710s][info ][gc] GC(105) Pause Young (Prepare Mixed) (G1 Evacuation Pause) 274M->133M(512M) 60.179ms
[2023-12-13T19:55:15.559+0300][16.989s][info ][gc] GC(106) Pause Young (Mixed) (G1 Evacuation Pause) 393M->185M(512M) 71.872ms
[2023-12-13T19:55:15.809+0300][17.239s][info ][gc] GC(107) Pause Young (Concurrent Start) (G1 Evacuation Pause) 408M->231M(512M) 71.821ms
[2023-12-13T19:55:15.809+0300][17.239s][info ][gc] GC(108) Concurrent Mark Cycle
[2023-12-13T19:55:16.008+0300][17.438s][info ][gc] GC(108) Pause Remark 377M->377M(512M) 0.468ms
[2023-12-13T19:55:16.067+0300][17.497s][info ][gc] GC(109) Pause Young (Normal) (G1 Evacuation Pause) 422M->219M(512M) 19.565ms
[2023-12-13T19:55:16.105+0300][17.535s][info ][gc] GC(108) Pause Cleanup 267M->267M(512M) 0.209ms
[2023-12-13T19:55:16.107+0300][17.536s][info ][gc] GC(108) Concurrent Mark Cycle 297.382ms
